<?xml version="1.0" encoding="UTF-8"?>
<testsuites name="jest tests" tests="4" failures="1" errors="0" time="2.768">
  <testsuite name="undefined" errors="0" failures="1" skipped="0" timestamp="2025-03-03T11:43:32" time="1.071" tests="2">
    <testcase classname=" adds 2 + 2 to equal 4" name=" adds 2 + 2 to equal 4" time="0.016">
    </testcase>
    <testcase classname=" adds 3 + 5 to equal 7" name=" adds 3 + 5 to equal 7" time="0.005">
      <failure>Error: expect(received).toBe(expected) // Object.is equality

Expected: 7
Received: 8
    at Object.toBe (F:\Code\AQA\Test-automation-project\jestTest.test.js:14:21)
    at Promise.then.completed (F:\Code\AQA\Test-automation-project\node_modules\jest-circus\build\utils.js:298:28)
    at new Promise (&lt;anonymous&gt;)
    at callAsyncCircusFn (F:\Code\AQA\Test-automation-project\node_modules\jest-circus\build\utils.js:231:10)
    at _callCircusTest (F:\Code\AQA\Test-automation-project\node_modules\jest-circus\build\run.js:316:40)
    at processTicksAndRejections (node:internal/process/task_queues:105:5)
    at _runTest (F:\Code\AQA\Test-automation-project\node_modules\jest-circus\build\run.js:252:3)
    at _runTestsForDescribeBlock (F:\Code\AQA\Test-automation-project\node_modules\jest-circus\build\run.js:126:9)
    at run (F:\Code\AQA\Test-automation-project\node_modules\jest-circus\build\run.js:71:3)
    at runAndTransformResultsToJestFormat (F:\Code\AQA\Test-automation-project\node_modules\jest-circus\build\legacy-code-todo-rewrite\jestAdapterInit.js:122:21)
    at jestAdapter (F:\Code\AQA\Test-automation-project\node_modules\jest-circus\build\legacy-code-todo-rewrite\jestAdapter.js:79:19)
    at runTestInternal (F:\Code\AQA\Test-automation-project\node_modules\jest-runner\build\runTest.js:367:16)
    at runTest (F:\Code\AQA\Test-automation-project\node_modules\jest-runner\build\runTest.js:444:34)
    at Object.worker (F:\Code\AQA\Test-automation-project\node_modules\jest-runner\build\testWorker.js:106:12)</failure>
    </testcase>
  </testsuite>
  <testsuite name="JSONPlaceholder API Tests" errors="0" failures="0" skipped="0" timestamp="2025-03-03T11:43:32" time="2.254" tests="2">
    <testcase classname="JSONPlaceholder API Tests GET /users/1 returns correct data" name="JSONPlaceholder API Tests GET /users/1 returns correct data" time="0.254">
    </testcase>
    <testcase classname="JSONPlaceholder API Tests POST Submit a new blog post" name="JSONPlaceholder API Tests POST Submit a new blog post" time="0.425">
    </testcase>
  </testsuite>
</testsuites>